<html>
<body>
<pre>
<h1>µVision Build Log</h1>
<h2>Tool Versions:</h2>
IDE-Version: µVision V5.36.0.0
Copyright (C) 2021 ARM Ltd and ARM Germany GmbH. All rights reserved.
License Information: Hanie Gholizade, Shahid Beheshti University, LIC=UB4EI-THBZ8-HR2XN-YNQ6I-Y5SIP-FJTZR
 
Tool Versions:
Toolchain:       MDK-ARM Professional  Version: 5.36.0.0
Toolchain Path:  C:\Keil_v5\ARM\ARMCC\Bin
C Compiler:      Armcc.exe V5.06 update 7 (build 960)
Assembler:       Armasm.exe V5.06 update 7 (build 960)
Linker/Locator:  ArmLink.exe V5.06 update 7 (build 960)
Library Manager: ArmAr.exe V5.06 update 7 (build 960)
Hex Converter:   FromElf.exe V5.06 update 7 (build 960)
CPU DLL:         SARMCM3.DLL V5.36.0.0
Dialog DLL:      DCM.DLL V1.17.3.0
Target DLL:      STLink\ST-LINKIII-KEIL_SWO.dll V3.0.9.0
Dialog DLL:      TCM.DLL V1.53.0.0
 
<h2>Project:</h2>
D:\Courses\Term8\Micro\Lab\5\MDK-ARM\Lab5.uvprojx
Project File Date:  04/08/2022

<h2>Output:</h2>
*** Using Compiler 'V5.06 update 7 (build 960)', folder: 'C:\Keil_v5\ARM\ARMCC\Bin'
Build target 'Lab5'
assembling startup_stm32f401xe.s...
compiling stm32f4xx_it.c...
compiling main.c...
compiling stm32f4xx_hal_msp.c...
compiling stm32f4xx_hal_tim_ex.c...
compiling stm32f4xx_hal_rcc.c...
compiling stm32f4xx_hal_tim.c...
compiling stm32f4xx_hal_rcc_ex.c...
compiling stm32f4xx_hal_flash.c...
compiling stm32f4xx_hal_flash_ex.c...
compiling stm32f4xx_hal_flash_ramfunc.c...
compiling stm32f4xx_hal_gpio.c...
compiling stm32f4xx_hal_dma_ex.c...
compiling stm32f4xx_hal_dma.c...
compiling stm32f4xx_hal_pwr.c...
compiling stm32f4xx_hal_pwr_ex.c...
compiling stm32f4xx_hal.c...
compiling stm32f4xx_hal_cortex.c...
compiling stm32f4xx_hal_exti.c...
compiling system_stm32f4xx.c...
compiling DWT_Delay.c...
compiling LCD16x2.c...
addedLibs\LCD16x2.c(23): warning:  #188-D: enumerated type mixed with another type
      	HAL_GPIO_WritePin(LCD16x2_CfgParam.LCD_GPIO, LCD16x2_CfgParam.D4_PIN, 1);
addedLibs\LCD16x2.c(25): warning:  #188-D: enumerated type mixed with another type
      	HAL_GPIO_WritePin(LCD16x2_CfgParam.LCD_GPIO, LCD16x2_CfgParam.D4_PIN, 0);
addedLibs\LCD16x2.c(27): warning:  #188-D: enumerated type mixed with another type
      	HAL_GPIO_WritePin(LCD16x2_CfgParam.LCD_GPIO, LCD16x2_CfgParam.D5_PIN, 1);
addedLibs\LCD16x2.c(29): warning:  #188-D: enumerated type mixed with another type
      	HAL_GPIO_WritePin(LCD16x2_CfgParam.LCD_GPIO, LCD16x2_CfgParam.D5_PIN, 0);
addedLibs\LCD16x2.c(31): warning:  #188-D: enumerated type mixed with another type
      	HAL_GPIO_WritePin(LCD16x2_CfgParam.LCD_GPIO, LCD16x2_CfgParam.D6_PIN, 1);
addedLibs\LCD16x2.c(33): warning:  #188-D: enumerated type mixed with another type
      	HAL_GPIO_WritePin(LCD16x2_CfgParam.LCD_GPIO, LCD16x2_CfgParam.D6_PIN, 0);
addedLibs\LCD16x2.c(35): warning:  #188-D: enumerated type mixed with another type
      	HAL_GPIO_WritePin(LCD16x2_CfgParam.LCD_GPIO, LCD16x2_CfgParam.D7_PIN, 1);
addedLibs\LCD16x2.c(37): warning:  #188-D: enumerated type mixed with another type
      	HAL_GPIO_WritePin(LCD16x2_CfgParam.LCD_GPIO, LCD16x2_CfgParam.D7_PIN, 0);
addedLibs\LCD16x2.c(42): warning:  #188-D: enumerated type mixed with another type
      HAL_GPIO_WritePin(LCD16x2_CfgParam.LCD_GPIO, LCD16x2_CfgParam.RS_PIN, 0);
addedLibs\LCD16x2.c(46): warning:  #188-D: enumerated type mixed with another type
      HAL_GPIO_WritePin(LCD16x2_CfgParam.LCD_GPIO, LCD16x2_CfgParam.EN_PIN, 1);
addedLibs\LCD16x2.c(48): warning:  #188-D: enumerated type mixed with another type
      HAL_GPIO_WritePin(LCD16x2_CfgParam.LCD_GPIO, LCD16x2_CfgParam.EN_PIN, 0);
addedLibs\LCD16x2.c(132): warning:  #188-D: enumerated type mixed with another type
     HAL_GPIO_WritePin(LCD16x2_CfgParam.LCD_GPIO, LCD16x2_CfgParam.RS_PIN, 1);
addedLibs\LCD16x2.c(135): warning:  #188-D: enumerated type mixed with another type
     HAL_GPIO_WritePin(LCD16x2_CfgParam.LCD_GPIO, LCD16x2_CfgParam.EN_PIN, 1);
addedLibs\LCD16x2.c(137): warning:  #188-D: enumerated type mixed with another type
     HAL_GPIO_WritePin(LCD16x2_CfgParam.LCD_GPIO, LCD16x2_CfgParam.EN_PIN, 0);
addedLibs\LCD16x2.c(141): warning:  #188-D: enumerated type mixed with another type
     HAL_GPIO_WritePin(LCD16x2_CfgParam.LCD_GPIO, LCD16x2_CfgParam.EN_PIN, 1);
addedLibs\LCD16x2.c(143): warning:  #188-D: enumerated type mixed with another type
     HAL_GPIO_WritePin(LCD16x2_CfgParam.LCD_GPIO, LCD16x2_CfgParam.EN_PIN, 0);
addedLibs\LCD16x2.c: 16 warnings, 0 errors
compiling LCD16x2_cfg.c...
linking...
Program Size: Code=13230 RO-data=618 RW-data=40 ZI-data=1776  
FromELF: creating hex file...
"Lab5\Lab5.axf" - 0 Error(s), 16 Warning(s).

<h2>Software Packages used:</h2>

Package Vendor: ARM
                http://www.keil.com/pack/ARM.CMSIS.5.8.0.pack
                ARM.CMSIS.5.8.0
                CMSIS (Common Microcontroller Software Interface Standard)
   * Component: CORE Version: 5.5.0

Package Vendor: Keil
                http://www.keil.com/pack/Keil.STM32F4xx_DFP.2.14.0.pack
                Keil.STM32F4xx_DFP.2.14.0
                STMicroelectronics STM32F4 Series Device Support, Drivers and Examples

<h2>Collection of Component include folders:</h2>
  .\RTE\_Lab5
  C:\Users\Asus\AppData\Local\Arm\Packs\ARM\CMSIS\5.8.0\CMSIS\Core\Include
  C:\Users\Asus\AppData\Local\Arm\Packs\Keil\STM32F4xx_DFP\2.14.0\Drivers\CMSIS\Device\ST\STM32F4xx\Include

<h2>Collection of Component Files used:</h2>

   * Component: ARM::CMSIS:CORE:5.5.0
      Include file:  CMSIS\Core\Include\tz_context.h
Build Time Elapsed:  00:00:48
</pre>
</body>
</html>
